src/App.tsx(1,1): error TS6133: 'React' is declared but its value is never read.
src/components/Layout.tsx(1,1): error TS6133: 'React' is declared but its value is never read.
src/pages/AdminEvent.tsx(6,21): error TS6133: 'Upload' is declared but its value is never read.
src/pages/CheckIn.tsx(1,8): error TS6133: 'React' is declared but its value is never read.
src/pages/CheckIn.tsx(41,26): error TS6133: 'error' is declared but its value is never read.
src/pages/Home.tsx(1,8): error TS6133: 'React' is declared but its value is never read.
src/pages/Monitor.tsx(1,8): error TS6133: 'React' is declared but its value is never read.
